2026-01-01 14:26:31,276 - security - INFO - Login exitoso: testuser
2026-01-01 14:26:31,665 - security - INFO - Login exitoso: testuser
2026-01-01 14:26:32,022 - security - INFO - Login exitoso: testuser
2026-01-01 14:26:32,375 - security - INFO - Login exitoso: testuser
2026-01-01 14:26:32,729 - security - INFO - Login exitoso: testuser
2026-01-01 14:28:21,693 - security - INFO - Login exitoso: testuser
2026-01-01 14:28:22,055 - security - INFO - Login exitoso: testuser
2026-01-01 14:28:22,405 - security - INFO - Login exitoso: testuser
2026-01-01 14:28:22,763 - security - INFO - Login exitoso: testuser
2026-01-01 14:28:23,120 - security - INFO - Login exitoso: testuser
2026-01-01 14:48:06,389 - security - WARNING - Login fallido: admin desde IP 127.0.0.1
2026-01-01 14:48:10,710 - security - WARNING - Login fallido: admin desde IP 127.0.0.1
2026-01-01 14:48:59,667 - security - WARNING - Login fallido: admin desde IP 127.0.0.1
2026-01-01 14:50:29,595 - security - INFO - Login exitoso: admin
2026-01-01 14:51:00,254 - security - INFO - Login exitoso: admin
2026-01-01 15:05:31,574 - security - INFO - Login exitoso: admin
2026-01-01 15:05:42,927 - security - INFO - Login exitoso: admin
2026-01-01 15:18:15,069 - security - INFO - Login exitoso: admin
2026-01-01 15:22:58,781 - security - WARNING - Login fallido: Admin desde IP 127.0.0.1
2026-01-01 15:23:04,983 - security - INFO - Login exitoso: admin
2026-01-01 15:32:18,003 - security - INFO - Login exitoso: admin
2026-01-01 15:56:43,056 - security - INFO - Login exitoso: admin
2026-01-01 15:59:06,954 - security - INFO - Login exitoso: admin
2026-01-01 16:12:05,145 - security - INFO - Login exitoso: admin
2026-01-01 16:18:23,977 - security - WARNING - Login fallido: admin desde IP 127.0.0.1
2026-01-01 16:18:31,394 - security - INFO - Login exitoso: admin
2026-01-01 16:27:57,121 - security - INFO - Login exitoso: admin
2026-01-13 20:19:16,047 - security - INFO - Login exitoso: admin
2026-01-14 19:57:30,613 - security - WARNING - Login fallido: admin desde IP 127.0.0.1
2026-01-14 19:57:35,742 - security - INFO - Login exitoso: admin
2026-01-14 20:20:19,569 - security - WARNING - Login fallido: Admin desde IP 127.0.0.1
2026-01-14 20:20:23,691 - security - INFO - Login exitoso: admin
2026-01-14 20:21:39,484 - security - INFO - Login exitoso: admin
2026-01-14 20:27:45,301 - security - INFO - Login exitoso: admin
2026-01-15 21:23:38,827 - security - INFO - Login exitoso: test_user
2026-01-15 21:31:29,421 - security - INFO - Login exitoso: test_user
2026-01-15 21:39:16,104 - security - INFO - Login exitoso: test_user
2026-01-15 22:26:53,943 - security - INFO - Login exitoso: test_user
2026-01-15 22:29:34,165 - security - INFO - Login exitoso: test_user
2026-01-15 22:50:05,083 - security - INFO - Login exitoso: test_user
2026-01-15 22:54:07,888 - security - INFO - Login exitoso: test_user
2026-01-15 22:56:47,059 - security - INFO - Login exitoso: admin
2026-02-17 21:04:59,020 - security - INFO - Login exitoso: admin
2026-02-17 21:18:21,268 - security - INFO - Login exitoso: admin
2026-02-17 21:40:57,701 - security - INFO - Login exitoso: admin
2026-02-17 21:42:40,215 - security - INFO - Login exitoso: admin
2026-02-17 21:48:03,110 - security - INFO - Login exitoso: admin
2026-02-17 22:06:20,930 - security - INFO - Login exitoso: admin
2026-02-17 22:14:57,821 - security - INFO - Login exitoso: admin
2026-02-17 22:26:46,190 - security - INFO - Login exitoso: admin
2026-02-17 22:32:43,277 - security - INFO - Login exitoso: admin
2026-02-17 22:40:59,066 - security - INFO - Login exitoso: test_user
2026-02-17 22:41:16,378 - security - INFO - Login exitoso: cashier_test
2026-02-17 22:41:17,545 - security - INFO - Login exitoso: cashier_test
2026-02-17 22:41:18,119 - security - INFO - Login exitoso: cashier_test
